********************************************************************************
                ______                                __                        
               / ____/___ _______________ _____  ____/ /________ _              
              / /   / __ `/ ___/ ___/ __ `/ __ \/ __  / ___/ __ `/              
             / /___/ /_/ (__  |__  ) /_/ / / / / /_/ / /  / /_/ /               
             \____/\__,_/____/____/\__,_/_/ /_/\__,_/_/   \__,_/                
                                                                                
********************************************************************************
**********************************Log File**************************************
********************************************************************************

For any published work that uses Cassandra, cite the following reference:
    Shah JK, Marin‐Rimoldi E, Mullen RG, Keene BP, Khan S,
    Paluch AS, Rai N, Romanielo LL, Rosch TW, Yoo B, Maginn EJ.
    Cassandra: An open source Monte Carlo package for molecular simulation.
    Journal of Computational Chemistry. 2017, 38, 1727–1739.
    http://dx.doi.org/10.1002/jcc.24807

Run info
********************************************************************************
version: Cassandra Version 1.3.0
inputfile: exp_0002_s01_smoke_1k.inp
name of run: exp_0002_s01_smoke_1k
date (mm/dd/yyyy): 05/21/2026
time: 23:49:18
machine: MacBook-Pro-Artem-3.local
********************************************************************************

Verbose log
********************************************************************************
Normal output to logfile
********************************************************************************

Simulation type
********************************************************************************
GEMC_NPT            
********************************************************************************

Copy input file
********************************************************************************
# Run_Name                                                                      
exp_0002_s01_smoke_1k                                                           
                                                                                
# Sim_Type                                                                      
gemc_npt                                                                        
                                                                                
# Nbr_Species                                                                   
3                                                                               
                                                                                
# Molecule_Files                                                                
../../../water.mcf 218                                                          
../../../ethanol.mcf 277                                                        
../../../hexane.mcf 255                                                         
                                                                                
# Fragment_Files                                                                
../../../../data/species1/frag1/frag1.dat  1                                    
../../../../data/species2/frag1/frag1.dat  2                                    
../../../../data/species2/frag2/frag2.dat  3                                    
../../../../data/species2/frag3/frag3.dat  4                                    
../../../../data/species3/frag1/frag1.dat  5                                    
../../../../data/species3/frag2/frag2.dat  6                                    
../../../../data/species3/frag3/frag3.dat  7                                    
../../../../data/species3/frag4/frag4.dat  8                                    
../../../../data/species3/frag5/frag5.dat  9                                    
../../../../data/species3/frag6/frag6.dat  10                                   
                                                                                
# Box_Info                                                                      
2                                                                               
cubic                                                                           
45.0                                                                            
                                                                                
cubic                                                                           
190.0                                                                           
                                                                                
# VDW_Style                                                                     
lj cut_tail 12.0                                                                
lj cut_tail 50.0                                                                
                                                                                
# Charge_Style                                                                  
coul ewald 12.0 1E-5                                                            
coul ewald 50.0 1E-5                                                            
                                                                                
# Mixing_Rule                                                                   
lb                                                                              
                                                                                
# Temperature_Info                                                              
329.55                                                                          
329.55                                                                          
                                                                                
# Pressure_Info                                                                 
1.01325                                                                         
1.01325                                                                         
                                                                                
# Move_Probability_Info                                                         
                                                                                
# Prob_Translation                                                              
0.35                                                                            
1.0 1.0 1.0                                                                     
20.0 20.0 20.0                                                                  
                                                                                
# Prob_Rotation                                                                 
0.25                                                                            
30.0 30.0 30.0                                                                  
180.0 180.0 180.0                                                               
                                                                                
# Prob_Regrowth                                                                 
0.15                                                                            
0.0 0.3 0.7                                                                     
                                                                                
# Prob_Swap                                                                     
0.2                                                                             
cbmc cbmc cbmc                                                                  
                                                                                
# Prob_Volume                                                                   
0.05                                                                            
5000.0                                                                          
500000.0                                                                        
                                                                                
# Done_Probability_Info                                                         
                                                                                
# Start_Type                                                                    
make_config 174 222 204                                                         
make_config 44 55 51                                                            
                                                                                
# Run_Type                                                                      
equilibration 100 20                                                            
                                                                                
# Simulation_Length_Info                                                        
units steps                                                                     
prop_freq 10                                                                    
coord_freq 100                                                                  
run 1000                                                                        
                                                                                
# Property_Info 1                                                               
energy_total                                                                    
pressure                                                                        
volume                                                                          
mass_density                                                                    
density                                                                         
nmols                                                                           
                                                                                
# Property_Info 2                                                               
energy_total                                                                    
pressure                                                                        
volume                                                                          
mass_density                                                                    
density                                                                         
nmols                                                                           
                                                                                
# CBMC_Info                                                                     
kappa_ins 12                                                                    
kappa_dih 10                                                                    
rcut_cbmc 12.0 50.0                                                             
                                                                                
# Rcutoff_Low                                                                   
0.8                                                                             
                                                                                
# Seed_Info                                                                     
27182 81828                                                                     
                                                                                
# Average_Info                                                                  
1                                                                               
                                                                                
# Pair_Energy                                                                   
true                                                                            
                                                                                
                                                                                
END                                                                             
********************************************************************************

Number of species
********************************************************************************
3
********************************************************************************

Box info
********************************************************************************
Number of simulation boxes     2
Box 1 is CUBIC               
 Each Side Of :       45.0000     Angstrom
 Cell basis vector lengths in A,     45.0000      45.0000      45.0000
 Cosine of angles alpha, beta, gamma     0.0000       0.0000       0.0000
 Distance between box faces    45.0000      45.0000      45.0000
 Box volume, A^3         91125.0000
Box 2 is CUBIC               
 Each Side Of :      190.0000     Angstrom
 Cell basis vector lengths in A,    190.0000     190.0000     190.0000
 Cosine of angles alpha, beta, gamma     0.0000       0.0000       0.0000
 Distance between box faces   190.0000     190.0000     190.0000
 Box volume, A^3       6859000.0000
********************************************************************************

Pair style
********************************************************************************
VDW style used is:   LJ             in box:  1
 VDW sum style is:   cut_tail       in box:  1
 rcut =    12.000 Angstrom
VDW style used is:   LJ             in box:  2
 VDW sum style is:   cut_tail       in box:  2
 rcut =    50.000 Angstrom
Charge style in box 1 is coul
 Charge sum style is   ewald          in box:  1
 Ewald real space cutoff is  12.000 Angstroms.
 Ewald real space parameter is   0.283 inverse Angstroms
 Ewald reciprocal cutoff is  1.9188 inverse Angstroms
Charge style in box 2 is coul
 Charge sum style is   ewald          in box:  2
 Ewald real space cutoff is  50.000 Angstroms.
 Ewald real space parameter is   0.068 inverse Angstroms
 Ewald reciprocal cutoff is  0.4605 inverse Angstroms
Pair interaction energy array storage enabled
Lorentz-Berthelot mixing rule specified
********************************************************************************

Molecule info
********************************************************************************
 Reading molecular connectivity information
 Species:            1
 Molecular connectivity file: ../../../water.mcf                                                                                                      
   3 atom(s) specified.
   2 bond(s) specified.
   1 angle(s) specified.
   0 dihedral(s) specified.
   0 improper(s) specified.
   1 fragment(s) specified.
   0 fragment bond(s) specified.
 Reading molecular connectivity information
 Species:            2
 Molecular connectivity file: ../../../ethanol.mcf                                                                                                    
   9 atom(s) specified.
   8 bond(s) specified.
   13 angle(s) specified.
   12 dihedral(s) specified.
   0 improper(s) specified.
   3 fragment(s) specified.
   2 fragment bond(s) specified.
 Reading molecular connectivity information
 Species:            3
 Molecular connectivity file: ../../../hexane.mcf                                                                                                     
   20 atom(s) specified.
   19 bond(s) specified.
   36 angle(s) specified.
   45 dihedral(s) specified.
   0 improper(s) specified.
   6 fragment(s) specified.
   5 fragment bond(s) specified.

 Species  Max molecules
 -------  -------------
      1            218
      2            277
      3            255

 Species     1
 -------------------------------------------------------------------------------
 Atom parameters read
 Bond parameters read
 Angle parameters read
 Dihedral parameters read
 Improper parameters read
 Intra molecule scaling factors for species            1
  VDW 1-2 scaling factor       0.000
  VDW 1-3 scaling factor       0.000
  VDW 1-4 scaling factor       0.000
  VDW 1-N scaling factor       1.000
  Coulomb 1-2 scaling factor   0.000
  Coulomb 1-3 scaling factor   0.000
  Coulomb 1-4 scaling factor   0.000
  Coulomb 1-N scaling factor   1.000
 Total number of atoms in fragment     1  is   3
 Fragment info read
 Fragment file for fragment 1 is ../../../../data/species1/frag1/frag1.dat
 -------------------------------------------------------------------------------

 Species     2
 -------------------------------------------------------------------------------
 Atom parameters read
 Bond parameters read
 Angle parameters read
 Dihedral parameters read
 Improper parameters read
 Intra molecule scaling factors for species            2
  VDW 1-2 scaling factor       0.000
  VDW 1-3 scaling factor       0.000
  VDW 1-4 scaling factor       0.500
  VDW 1-N scaling factor       1.000
  Coulomb 1-2 scaling factor   0.000
  Coulomb 1-3 scaling factor   0.000
  Coulomb 1-4 scaling factor   0.500
  Coulomb 1-N scaling factor   1.000
 Total number of atoms in fragment     1  is   3
 Total number of atoms in fragment     2  is   5
 Total number of atoms in fragment     3  is   5
 Fragment info read
 Fragment file for fragment 2 is ../../../../data/species2/frag1/frag1.dat
 Fragment file for fragment 3 is ../../../../data/species2/frag2/frag2.dat
 Fragment file for fragment 4 is ../../../../data/species2/frag3/frag3.dat
 -------------------------------------------------------------------------------

 Species     3
 -------------------------------------------------------------------------------
 Atom parameters read
 Bond parameters read
 Angle parameters read
 Dihedral parameters read
 Improper parameters read
 Intra molecule scaling factors for species            3
  VDW 1-2 scaling factor       0.000
  VDW 1-3 scaling factor       0.000
  VDW 1-4 scaling factor       0.500
  VDW 1-N scaling factor       1.000
  Coulomb 1-2 scaling factor   0.000
  Coulomb 1-3 scaling factor   0.000
  Coulomb 1-4 scaling factor   0.500
  Coulomb 1-N scaling factor   1.000
 Total number of atoms in fragment     1  is   5
 Total number of atoms in fragment     2  is   5
 Total number of atoms in fragment     3  is   5
 Total number of atoms in fragment     4  is   5
 Total number of atoms in fragment     5  is   5
 Total number of atoms in fragment     6  is   5
 Fragment info read
 Fragment file for fragment 5 is ../../../../data/species3/frag1/frag1.dat
 Fragment file for fragment 6 is ../../../../data/species3/frag2/frag2.dat
 Fragment file for fragment 7 is ../../../../data/species3/frag3/frag3.dat
 Fragment file for fragment 8 is ../../../../data/species3/frag4/frag4.dat
 Fragment file for fragment 9 is ../../../../data/species3/frag5/frag5.dat
 Fragment file for fragment 10 is ../../../../data/species3/frag6/frag6.dat
 -------------------------------------------------------------------------------

 Fragment coord info
 -------------------------------------------------------------------------------
 library_coords array successfully allocated
 Finished loading fragment coordinates from
 ../../../../data/species1/frag1/frag1.dat
 Finished loading fragment coordinates from
 ../../../../data/species2/frag1/frag1.dat
 ../../../../data/species2/frag2/frag2.dat
 ../../../../data/species2/frag3/frag3.dat
 Finished loading fragment coordinates from
 ../../../../data/species3/frag1/frag1.dat
 ../../../../data/species3/frag2/frag2.dat
 ../../../../data/species3/frag3/frag3.dat
 ../../../../data/species3/frag4/frag4.dat
 ../../../../data/species3/frag5/frag5.dat
 ../../../../data/species3/frag6/frag6.dat
 -------------------------------------------------------------------------------
********************************************************************************

Temperature
********************************************************************************
Temperature of box 1 is 329.550 K
Temperature of box 2 is 329.550 K
********************************************************************************

Minimum distance cutoff
********************************************************************************
MC low cutoff distance is   0.800    Angstrom
********************************************************************************

Start type
********************************************************************************
Initial configuration for box 1 will be made
 Will insert     174  molecules of species   1
 Will insert     222  molecules of species   2
 Will insert     204  molecules of species   3
Initial configuration for box 2 will be made
 Will insert      44  molecules of species   1
 Will insert      55  molecules of species   2
 Will insert      51  molecules of species   3
********************************************************************************

Seed info
********************************************************************************
The starting seeds are:               27182               81828
********************************************************************************

Pressure
********************************************************************************
Pressure of box 1 is     1.013 bar =  0.610193E-02 amu / (A ps^2)
Pressure of box 2 is     1.013 bar =  0.610193E-02 amu / (A ps^2)
********************************************************************************

Move probabilities
********************************************************************************
Probability for translation                0.350000
 Maximum displacement width for species  1 in box  1  is      1.00000
 Maximum displacement width for species  2 in box  1  is      1.00000
 Maximum displacement width for species  3 in box  1  is      1.00000
 Maximum displacement width for species  1 in box  2  is     20.00000
 Maximum displacement width for species  2 in box  2  is     20.00000
 Maximum displacement width for species  3 in box  2  is     20.00000
Probability for rotation                   0.250000
 The rotational width for the species    1 in box  1   is      0.5236 radians
 The rotational width for the species    2 in box  1   is      0.5236 radians
 The rotational width for the species    3 in box  1   is      0.5236 radians
 The rotational width for the species    1 in box  2   is      3.1416 radians
 The rotational width for the species    2 in box  2   is      3.1416 radians
 The rotational width for the species    3 in box  2   is      3.1416 radians
Probability for regrowth                   0.150000
 Cumulative probability for regrowth of species     1  is   0.000000
 Cumulative probability for regrowth of species     2  is   0.300000
 Cumulative probability for regrowth of species     3  is   1.000000
Probability for particle swap              0.200000
 Species 1 will be inserted using CBMC
 Species 2 will be inserted using CBMC
 Species 3 will be inserted using CBMC
 Number of insertable species is    3
  By default, box_out will be selected according to its mole fraction
  By default, species will be selected according to its mole fraction in box_out
Probability for volume move                0.050000
 Maximum volume displacement for box  1 is   5000.000  A^3
 Maximum volume displacement for box  2 is 500000.000  A^3
 Volume moves will be performed in actual volumes
Number of moves is :   5
********************************************************************************

CBMC info
********************************************************************************
Kappa for first fragment insertion          12
Kappa for dihedral selection                10
 Cutoff for CBMC for box 1 is        12.00
 Cutoff for CBMC for box 2 is        50.00
********************************************************************************

Simulation length info
********************************************************************************
Thermodynamic quantities will be computed every                   10 Steps     
Coordinates will be written to file every                        100 Steps     
 movie header file for box   1 is      exp_0002_s01_smoke_1k.box1.H
 movie_XYZ file for box      1 is      exp_0002_s01_smoke_1k.box1.xyz
 movie header file for box   2 is      exp_0002_s01_smoke_1k.box2.H
 movie_XYZ file for box      2 is      exp_0002_s01_smoke_1k.box2.xyz
The simulation will be run for                                1000 Steps     
Instantaneous values will be written every                        10 Steps     
********************************************************************************

Property info
********************************************************************************
Total number of property files to be written is     1   for box 1
 Maximum number of properties per file is   10
 Writing the name of the property files and the corresponding property output
 Property file    1   is  exp_0002_s01_smoke_1k.box1.prp
 Properties output in these files are
 Energy_Total
 Pressure
 Volume
 Mass_Density
 Density_1
 Density_2
 Density_3
 Nmols_1
 Nmols_2
 Nmols_3
Total number of property files to be written is     1   for box 2
 Maximum number of properties per file is   10
 Writing the name of the property files and the corresponding property output
 Property file    1   is  exp_0002_s01_smoke_1k.box2.prp
 Properties output in these files are
 Energy_Total
 Pressure
 Volume
 Mass_Density
 Density_1
 Density_2
 Density_3
 Nmols_1
 Nmols_2
 Nmols_3
********************************************************************************

Run type
********************************************************************************
 The input run type is equilibration
 Update frequency is          100
 Update frequency for adjusting maximum volume displacement is
          20
********************************************************************************

********************************************************************************
************************ Begin Cassandra simulation ****************************
********************************************************************************

Initial configuration
********************************************************************************
 Inserting          174 molecules of species            1
 Inserting          222 molecules of species            2
 Inserting          204 molecules of species            3
 Inserting           44 molecules of species            1
 Inserting           55 molecules of species            2
 Inserting           51 molecules of species            3
********************************************************************************

Charge neutrality check
********************************************************************************
 Species 1 has charge:                  0.00000000
 Species 2 has charge:                  0.00000000
 Species 3 has charge:                  0.00000000

 Box     1 has charge:                  0.00000000
 Box     2 has charge:                  0.00000000
********************************************************************************

Compute total energy
********************************************************************************

 Energy components for box 1     kJ/mol-Extensive
 ---------------------------------------------------------------------
 Total system energy                   344869.616
 Intra molecular energy                274740.999
   Bond energy                              0.000
   Bond angle energy                   181375.714
   Dihedral angle energy                 6866.343
   Improper angle energy                    0.000
   Intra molecule vdw                   83444.359
   Intra molecule q                      3054.583
 Inter molecular energy                 70128.617
   Inter molecule vdw                   72636.995
   Long range correction                 -267.299
   Inter molecule q                     81180.428
   Reciprocal ewald                      1016.103
   Self ewald                          -84437.609
 ---------------------------------------------------------------------
   Number of reciprocal vectors              5709


 Energy components for box 2     kJ/mol-Extensive
 ---------------------------------------------------------------------
 Total system energy                    63611.213
 Intra molecular energy                 63619.532
   Bond energy                              0.000
   Bond angle energy                    48834.725
   Dihedral angle energy                 1497.158
   Improper angle energy                    0.000
   Intra molecule vdw                   12485.975
   Intra molecule q                       801.674
 Inter molecular energy                    -8.319
   Inter molecule vdw                      -6.064
   Long range correction                   -0.003
   Inter molecule q                      5069.605
   Reciprocal ewald                         4.108
   Self ewald                           -5075.964
 ---------------------------------------------------------------------
   Number of reciprocal vectors              5861

********************************************************************************

Run simulation
********************************************************************************
                Step       Move   Mol Spc Box  Success  MaxWidth
                 651     volume             1  0.60000     6000.
                 706     volume             2  0.70000   700000.
********************************************************************************

Energy of final configuration
********************************************************************************

 Energy components for box 1     kJ/mol-Extensive       Relative_Error
 ---------------------------------------------------------------------
 Total system energy                   226078.582            0.165E-15
 Intra molecular energy                228679.642            0.000E+00
   Bond energy                              0.000            0.000E+00
   Bond angle energy                   154282.268            0.121E-15
   Dihedral angle energy                 5962.130            0.195E-15
   Improper angle energy                    0.000            0.000E+00
   Intra molecule vdw                   65777.951            0.000E+00
   Intra molecule q                      2657.293            0.219E-15
 Inter molecular energy                 -2601.060           -0.145E-14
   Inter molecule vdw                   -1080.915           -0.269E-15
   Long range correction                 -140.630           -0.000E+00
   Inter molecule q                     71007.173            0.000E+00
   Reciprocal ewald                       900.173            0.000E+00
   Self ewald                          -73286.861           -0.000E+00
 ---------------------------------------------------------------------
   Number of reciprocal vectors              8207


 Energy components for box 2     kJ/mol-Extensive       Relative_Error
 ---------------------------------------------------------------------
 Total system energy                    85967.077            0.433E-15
 Intra molecular energy                 85989.266            0.217E-15
   Bond energy                              0.000            0.000E+00
   Bond angle energy                    66801.991            0.139E-15
   Dihedral angle energy                 2215.236            0.000E+00
   Improper angle energy                    0.000            0.000E+00
   Intra molecule vdw                   15788.486            0.000E+00
   Intra molecule q                      1183.553            0.000E+00
 Inter molecular energy                   -22.189           -0.225E-12
   Inter molecule vdw                     -10.126           -0.674E-15
   Long range correction                   -0.005           -0.000E+00
   Inter molecule q                      7733.710            0.105E-14
   Reciprocal ewald                         6.376            0.178E-15
   Self ewald                           -7752.144           -0.135E-14
 ---------------------------------------------------------------------
   Number of reciprocal vectors              8131

********************************************************************************


Writing information for box  1
********************************************************************************
                Move      Trials     Success   % Success
              Volume          34          19       55.88

   ---------------------------------------------------------
   Writing information for species  1

                Move      Trials     Success   % Success
           Translate          78          33       42.31
              Rotate          50          34       68.00
              Insert          22           6       27.27
              Delete          41          30       73.17
   ---------------------------------------------------------


   ---------------------------------------------------------
   Writing information for species  2

                Move      Trials     Success   % Success
           Translate          98          24       24.49
              Rotate          53          32       60.38
              Insert          22           2        9.09
              Delete          55          30       54.55
   ---------------------------------------------------------


   ---------------------------------------------------------
   Writing information for species  3

                Move      Trials     Success   % Success
           Translate          83          20       24.10
              Rotate          68          23       33.82
              Insert          14           3       21.43
              Delete          53          29       54.72
   ---------------------------------------------------------

********************************************************************************
Writing information for box  2
********************************************************************************
                Move      Trials     Success   % Success
              Volume          33          22       66.67

   ---------------------------------------------------------
   Writing information for species  1

                Move      Trials     Success   % Success
           Translate          23          22       95.65
              Rotate          19          19      100.00
              Insert          41          30       73.17
              Delete          22           6       27.27
   ---------------------------------------------------------


   ---------------------------------------------------------
   Writing information for species  2

                Move      Trials     Success   % Success
           Translate          43          42       97.67
              Rotate          24          23       95.83
              Insert          55          30       54.55
              Delete          22           2        9.09
   ---------------------------------------------------------


   ---------------------------------------------------------
   Writing information for species  3

                Move      Trials     Success   % Success
           Translate          27          27      100.00
              Rotate          26          26      100.00
              Insert          53          29       54.72
              Delete          14           3       21.43
   ---------------------------------------------------------

********************************************************************************

Writing information about fragments
********************************************************************************

   ---------------------------------------------------------
   Writing information for species  2
     #_Frags_Regrown      Trials     Success   % Success
                   1          50          42       84.00
                   2          25          16       64.00
   ---------------------------------------------------------

   ---------------------------------------------------------
   Writing information for species  3
     #_Frags_Regrown      Trials     Success   % Success
                   1          17           7       41.18
                   2          21           8       38.10
                   3           8           5       62.50
                   4           7           2       28.57
                   5           6           1       16.67
   ---------------------------------------------------------
********************************************************************************

 Writing information about subroutine times
********************************************************************************
 Translation time =            0.280092 secs.
 Rotation time =               0.191831 secs.
 Volume change time =          8.803649 secs.
 Swap time =                   3.529425 secs.
 Regrowth time =               1.246889 secs.
********************************************************************************

********************************************************************************
************************ Cassandra simulation complete *************************
********************************************************************************

 Program execution time
********************************************************************************
         0      Years
         0     Months
         0       Days
         0      Hours
         7    Minutes
        54    Seconds
       967         ms
********************************************************************************
