********************************************************************************
                ______                                __                        
               / ____/___ _______________ _____  ____/ /________ _              
              / /   / __ `/ ___/ ___/ __ `/ __ \/ __  / ___/ __ `/              
             / /___/ /_/ (__  |__  ) /_/ / / / / /_/ / /  / /_/ /               
             \____/\__,_/____/____/\__,_/_/ /_/\__,_/_/   \__,_/                
                                                                                
********************************************************************************
**********************************Log File**************************************
********************************************************************************

For any published work that uses Cassandra, cite the following reference:
    Shah JK, Marin‐Rimoldi E, Mullen RG, Keene BP, Khan S,
    Paluch AS, Rai N, Romanielo LL, Rosch TW, Yoo B, Maginn EJ.
    Cassandra: An open source Monte Carlo package for molecular simulation.
    Journal of Computational Chemistry. 2017, 38, 1727–1739.
    http://dx.doi.org/10.1002/jcc.24807

Run info
********************************************************************************
version: Cassandra Version 1.3.0
inputfile: exp_0002_s01_eq_10k.inp
name of run: exp_0002_s01_eq_10k
date (mm/dd/yyyy): 05/22/2026
time: 00:17:23
machine: MacBook-Pro-Artem-3.local
********************************************************************************

Verbose log
********************************************************************************
Normal output to logfile
********************************************************************************

Simulation type
********************************************************************************
GEMC_NPT            
********************************************************************************

Copy input file
********************************************************************************
# Run_Name                                                                      
exp_0002_s01_eq_10k                                                             
                                                                                
# Sim_Type                                                                      
gemc_npt                                                                        
                                                                                
# Nbr_Species                                                                   
3                                                                               
                                                                                
# Molecule_Files                                                                
../../../water.mcf 872                                                          
../../../ethanol.mcf 1109                                                       
../../../hexane.mcf 1019                                                        
                                                                                
# Fragment_Files                                                                
../../../../data/species1/frag1/frag1.dat  1                                    
../../../../data/species2/frag1/frag1.dat  2                                    
../../../../data/species2/frag2/frag2.dat  3                                    
../../../../data/species2/frag3/frag3.dat  4                                    
../../../../data/species3/frag1/frag1.dat  5                                    
../../../../data/species3/frag2/frag2.dat  6                                    
../../../../data/species3/frag3/frag3.dat  7                                    
../../../../data/species3/frag4/frag4.dat  8                                    
../../../../data/species3/frag5/frag5.dat  9                                    
../../../../data/species3/frag6/frag6.dat  10                                   
                                                                                
# Box_Info                                                                      
2                                                                               
cubic                                                                           
71.4                                                                            
                                                                                
cubic                                                                           
300.0                                                                           
                                                                                
# VDW_Style                                                                     
lj cut_tail 12.0                                                                
lj cut_tail 50.0                                                                
                                                                                
# Charge_Style                                                                  
coul ewald 12.0 1E-5                                                            
coul ewald 50.0 1E-5                                                            
                                                                                
# Mixing_Rule                                                                   
lb                                                                              
                                                                                
# Temperature_Info                                                              
329.55                                                                          
329.55                                                                          
                                                                                
# Pressure_Info                                                                 
1.01325                                                                         
1.01325                                                                         
                                                                                
# Move_Probability_Info                                                         
                                                                                
# Prob_Translation                                                              
0.35                                                                            
1.0 1.0 1.0                                                                     
20.0 20.0 20.0                                                                  
                                                                                
# Prob_Rotation                                                                 
0.25                                                                            
30.0 30.0 30.0                                                                  
180.0 180.0 180.0                                                               
                                                                                
# Prob_Regrowth                                                                 
0.15                                                                            
0.0 0.3 0.7                                                                     
                                                                                
# Prob_Swap                                                                     
0.2                                                                             
cbmc cbmc cbmc                                                                  
                                                                                
# Prob_Volume                                                                   
0.05                                                                            
5000.0                                                                          
500000.0                                                                        
                                                                                
# Done_Probability_Info                                                         
                                                                                
# Start_Type                                                                    
make_config 698 887 815                                                         
make_config 174 222 204                                                         
                                                                                
# Run_Type                                                                      
equilibration 1000 100                                                          
                                                                                
# Simulation_Length_Info                                                        
units steps                                                                     
prop_freq 100                                                                   
coord_freq 1000                                                                 
run 10000                                                                       
                                                                                
# Property_Info 1                                                               
energy_total                                                                    
pressure                                                                        
volume                                                                          
mass_density                                                                    
density                                                                         
nmols                                                                           
                                                                                
# Property_Info 2                                                               
energy_total                                                                    
pressure                                                                        
volume                                                                          
mass_density                                                                    
density                                                                         
nmols                                                                           
                                                                                
# CBMC_Info                                                                     
kappa_ins 12                                                                    
kappa_dih 10                                                                    
rcut_cbmc 12.0 50.0                                                             
                                                                                
# Rcutoff_Low                                                                   
0.8                                                                             
                                                                                
# Seed_Info                                                                     
31415 92653                                                                     
                                                                                
# Average_Info                                                                  
1                                                                               
                                                                                
# Pair_Energy                                                                   
true                                                                            
                                                                                
                                                                                
END                                                                             
********************************************************************************

Number of species
********************************************************************************
3
********************************************************************************

Box info
********************************************************************************
Number of simulation boxes     2
Box 1 is CUBIC               
 Each Side Of :       71.4000     Angstrom
 Cell basis vector lengths in A,     71.4000      71.4000      71.4000
 Cosine of angles alpha, beta, gamma     0.0000       0.0000       0.0000
 Distance between box faces    71.4000      71.4000      71.4000
 Box volume, A^3        363994.3440
Box 2 is CUBIC               
 Each Side Of :      300.0000     Angstrom
 Cell basis vector lengths in A,    300.0000     300.0000     300.0000
 Cosine of angles alpha, beta, gamma     0.0000       0.0000       0.0000
 Distance between box faces   300.0000     300.0000     300.0000
 Box volume, A^3      27000000.0000
********************************************************************************

Pair style
********************************************************************************
VDW style used is:   LJ             in box:  1
 VDW sum style is:   cut_tail       in box:  1
 rcut =    12.000 Angstrom
VDW style used is:   LJ             in box:  2
 VDW sum style is:   cut_tail       in box:  2
 rcut =    50.000 Angstrom
Charge style in box 1 is coul
 Charge sum style is   ewald          in box:  1
 Ewald real space cutoff is  12.000 Angstroms.
 Ewald real space parameter is   0.283 inverse Angstroms
 Ewald reciprocal cutoff is  1.9188 inverse Angstroms
Charge style in box 2 is coul
 Charge sum style is   ewald          in box:  2
 Ewald real space cutoff is  50.000 Angstroms.
 Ewald real space parameter is   0.068 inverse Angstroms
 Ewald reciprocal cutoff is  0.4605 inverse Angstroms
Pair interaction energy array storage enabled
Lorentz-Berthelot mixing rule specified
********************************************************************************

Molecule info
********************************************************************************
 Reading molecular connectivity information
 Species:            1
 Molecular connectivity file: ../../../water.mcf                                                                                                      
   3 atom(s) specified.
   2 bond(s) specified.
   1 angle(s) specified.
   0 dihedral(s) specified.
   0 improper(s) specified.
   1 fragment(s) specified.
   0 fragment bond(s) specified.
 Reading molecular connectivity information
 Species:            2
 Molecular connectivity file: ../../../ethanol.mcf                                                                                                    
   9 atom(s) specified.
   8 bond(s) specified.
   13 angle(s) specified.
   12 dihedral(s) specified.
   0 improper(s) specified.
   3 fragment(s) specified.
   2 fragment bond(s) specified.
 Reading molecular connectivity information
 Species:            3
 Molecular connectivity file: ../../../hexane.mcf                                                                                                     
   20 atom(s) specified.
   19 bond(s) specified.
   36 angle(s) specified.
   45 dihedral(s) specified.
   0 improper(s) specified.
   6 fragment(s) specified.
   5 fragment bond(s) specified.

 Species  Max molecules
 -------  -------------
      1            872
      2           1109
      3           1019

 Species     1
 -------------------------------------------------------------------------------
 Atom parameters read
 Bond parameters read
 Angle parameters read
 Dihedral parameters read
 Improper parameters read
 Intra molecule scaling factors for species            1
  VDW 1-2 scaling factor       0.000
  VDW 1-3 scaling factor       0.000
  VDW 1-4 scaling factor       0.000
  VDW 1-N scaling factor       1.000
  Coulomb 1-2 scaling factor   0.000
  Coulomb 1-3 scaling factor   0.000
  Coulomb 1-4 scaling factor   0.000
  Coulomb 1-N scaling factor   1.000
 Total number of atoms in fragment     1  is   3
 Fragment info read
 Fragment file for fragment 1 is ../../../../data/species1/frag1/frag1.dat
 -------------------------------------------------------------------------------

 Species     2
 -------------------------------------------------------------------------------
 Atom parameters read
 Bond parameters read
 Angle parameters read
 Dihedral parameters read
 Improper parameters read
 Intra molecule scaling factors for species            2
  VDW 1-2 scaling factor       0.000
  VDW 1-3 scaling factor       0.000
  VDW 1-4 scaling factor       0.500
  VDW 1-N scaling factor       1.000
  Coulomb 1-2 scaling factor   0.000
  Coulomb 1-3 scaling factor   0.000
  Coulomb 1-4 scaling factor   0.500
  Coulomb 1-N scaling factor   1.000
 Total number of atoms in fragment     1  is   3
 Total number of atoms in fragment     2  is   5
 Total number of atoms in fragment     3  is   5
 Fragment info read
 Fragment file for fragment 2 is ../../../../data/species2/frag1/frag1.dat
 Fragment file for fragment 3 is ../../../../data/species2/frag2/frag2.dat
 Fragment file for fragment 4 is ../../../../data/species2/frag3/frag3.dat
 -------------------------------------------------------------------------------

 Species     3
 -------------------------------------------------------------------------------
 Atom parameters read
 Bond parameters read
 Angle parameters read
 Dihedral parameters read
 Improper parameters read
 Intra molecule scaling factors for species            3
  VDW 1-2 scaling factor       0.000
  VDW 1-3 scaling factor       0.000
  VDW 1-4 scaling factor       0.500
  VDW 1-N scaling factor       1.000
  Coulomb 1-2 scaling factor   0.000
  Coulomb 1-3 scaling factor   0.000
  Coulomb 1-4 scaling factor   0.500
  Coulomb 1-N scaling factor   1.000
 Total number of atoms in fragment     1  is   5
 Total number of atoms in fragment     2  is   5
 Total number of atoms in fragment     3  is   5
 Total number of atoms in fragment     4  is   5
 Total number of atoms in fragment     5  is   5
 Total number of atoms in fragment     6  is   5
 Fragment info read
 Fragment file for fragment 5 is ../../../../data/species3/frag1/frag1.dat
 Fragment file for fragment 6 is ../../../../data/species3/frag2/frag2.dat
 Fragment file for fragment 7 is ../../../../data/species3/frag3/frag3.dat
 Fragment file for fragment 8 is ../../../../data/species3/frag4/frag4.dat
 Fragment file for fragment 9 is ../../../../data/species3/frag5/frag5.dat
 Fragment file for fragment 10 is ../../../../data/species3/frag6/frag6.dat
 -------------------------------------------------------------------------------

 Fragment coord info
 -------------------------------------------------------------------------------
 library_coords array successfully allocated
 Finished loading fragment coordinates from
 ../../../../data/species1/frag1/frag1.dat
 Finished loading fragment coordinates from
 ../../../../data/species2/frag1/frag1.dat
 ../../../../data/species2/frag2/frag2.dat
 ../../../../data/species2/frag3/frag3.dat
 Finished loading fragment coordinates from
 ../../../../data/species3/frag1/frag1.dat
 ../../../../data/species3/frag2/frag2.dat
 ../../../../data/species3/frag3/frag3.dat
 ../../../../data/species3/frag4/frag4.dat
 ../../../../data/species3/frag5/frag5.dat
 ../../../../data/species3/frag6/frag6.dat
 -------------------------------------------------------------------------------
********************************************************************************

Temperature
********************************************************************************
Temperature of box 1 is 329.550 K
Temperature of box 2 is 329.550 K
********************************************************************************

Minimum distance cutoff
********************************************************************************
MC low cutoff distance is   0.800    Angstrom
********************************************************************************

Start type
********************************************************************************
Initial configuration for box 1 will be made
 Will insert     698  molecules of species   1
 Will insert     887  molecules of species   2
 Will insert     815  molecules of species   3
Initial configuration for box 2 will be made
 Will insert     174  molecules of species   1
 Will insert     222  molecules of species   2
 Will insert     204  molecules of species   3
********************************************************************************

Seed info
********************************************************************************
The starting seeds are:               31415               92653
********************************************************************************

Pressure
********************************************************************************
Pressure of box 1 is     1.013 bar =  0.610193E-02 amu / (A ps^2)
Pressure of box 2 is     1.013 bar =  0.610193E-02 amu / (A ps^2)
********************************************************************************

Move probabilities
********************************************************************************
Probability for translation                0.350000
 Maximum displacement width for species  1 in box  1  is      1.00000
 Maximum displacement width for species  2 in box  1  is      1.00000
 Maximum displacement width for species  3 in box  1  is      1.00000
 Maximum displacement width for species  1 in box  2  is     20.00000
 Maximum displacement width for species  2 in box  2  is     20.00000
 Maximum displacement width for species  3 in box  2  is     20.00000
Probability for rotation                   0.250000
 The rotational width for the species    1 in box  1   is      0.5236 radians
 The rotational width for the species    2 in box  1   is      0.5236 radians
 The rotational width for the species    3 in box  1   is      0.5236 radians
 The rotational width for the species    1 in box  2   is      3.1416 radians
 The rotational width for the species    2 in box  2   is      3.1416 radians
 The rotational width for the species    3 in box  2   is      3.1416 radians
Probability for regrowth                   0.150000
 Cumulative probability for regrowth of species     1  is   0.000000
 Cumulative probability for regrowth of species     2  is   0.300000
 Cumulative probability for regrowth of species     3  is   1.000000
Probability for particle swap              0.200000
 Species 1 will be inserted using CBMC
 Species 2 will be inserted using CBMC
 Species 3 will be inserted using CBMC
 Number of insertable species is    3
  By default, box_out will be selected according to its mole fraction
  By default, species will be selected according to its mole fraction in box_out
Probability for volume move                0.050000
 Maximum volume displacement for box  1 is   5000.000  A^3
 Maximum volume displacement for box  2 is 500000.000  A^3
 Volume moves will be performed in actual volumes
Number of moves is :   5
********************************************************************************

CBMC info
********************************************************************************
Kappa for first fragment insertion          12
Kappa for dihedral selection                10
 Cutoff for CBMC for box 1 is        12.00
 Cutoff for CBMC for box 2 is        50.00
********************************************************************************

Simulation length info
********************************************************************************
Thermodynamic quantities will be computed every                  100 Steps     
Coordinates will be written to file every                       1000 Steps     
 movie header file for box   1 is      exp_0002_s01_eq_10k.box1.H
 movie_XYZ file for box      1 is      exp_0002_s01_eq_10k.box1.xyz
 movie header file for box   2 is      exp_0002_s01_eq_10k.box2.H
 movie_XYZ file for box      2 is      exp_0002_s01_eq_10k.box2.xyz
The simulation will be run for                               10000 Steps     
Instantaneous values will be written every                       100 Steps     
********************************************************************************

Property info
********************************************************************************
Total number of property files to be written is     1   for box 1
 Maximum number of properties per file is   10
 Writing the name of the property files and the corresponding property output
 Property file    1   is  exp_0002_s01_eq_10k.box1.prp
 Properties output in these files are
 Energy_Total
 Pressure
 Volume
 Mass_Density
 Density_1
 Density_2
 Density_3
 Nmols_1
 Nmols_2
 Nmols_3
Total number of property files to be written is     1   for box 2
 Maximum number of properties per file is   10
 Writing the name of the property files and the corresponding property output
 Property file    1   is  exp_0002_s01_eq_10k.box2.prp
 Properties output in these files are
 Energy_Total
 Pressure
 Volume
 Mass_Density
 Density_1
 Density_2
 Density_3
 Nmols_1
 Nmols_2
 Nmols_3
********************************************************************************

Run type
********************************************************************************
 The input run type is equilibration
 Update frequency is         1000
 Update frequency for adjusting maximum volume displacement is
         100
********************************************************************************

********************************************************************************
************************ Begin Cassandra simulation ****************************
********************************************************************************

Initial configuration
********************************************************************************
 Inserting          698 molecules of species            1
 Inserting          887 molecules of species            2
 Inserting          815 molecules of species            3
 Inserting          174 molecules of species            1
 Inserting          222 molecules of species            2
 Inserting          204 molecules of species            3
********************************************************************************

Charge neutrality check
********************************************************************************
 Species 1 has charge:                  0.00000000
 Species 2 has charge:                  0.00000000
 Species 3 has charge:                  0.00000000

 Box     1 has charge:                  0.00000000
 Box     2 has charge:                  0.00000000
********************************************************************************

Compute total energy
********************************************************************************

 Energy components for box 1     kJ/mol-Extensive
 ---------------------------------------------------------------------
 Total system energy                  1268743.070
 Intra molecular energy               1073648.873
   Bond energy                              0.000
   Bond angle energy                   741415.688
   Dihedral angle energy                26837.089
   Improper angle energy                    0.000
   Intra molecule vdw                  293011.235
   Intra molecule q                     12384.861
 Inter molecular energy                195094.197
   Inter molecule vdw                  204738.813
   Long range correction                -1068.677
   Inter molecule q                    325429.081
   Reciprocal ewald                      4026.865
   Self ewald                         -338031.884
 ---------------------------------------------------------------------
   Number of reciprocal vectors             22493


 Energy components for box 2     kJ/mol-Extensive
 ---------------------------------------------------------------------
 Total system energy                   241583.308
 Intra molecular energy                241640.876
   Bond energy                              0.000
   Bond angle energy                   183989.135
   Dihedral angle energy                 5854.287
   Improper angle energy                    0.000
   Intra molecule vdw                   48646.293
   Intra molecule q                      3151.161
 Inter molecular energy                   -57.568
   Inter molecule vdw                     -30.430
   Long range correction                   -0.012
   Inter molecule q                     20221.602
   Reciprocal ewald                        16.299
   Self ewald                          -20265.026
 ---------------------------------------------------------------------
   Number of reciprocal vectors             22953

********************************************************************************

Run simulation
********************************************************************************
                Step       Move   Mol Spc Box  Success  MaxWidth
                3899     volume             2  0.80000   800000.
                3947     volume             1  0.58000     5800.
                7641     volume             2  0.68000  1088000.
                8049     volume             1  0.56000     6496.
********************************************************************************

Energy of final configuration
********************************************************************************

 Energy components for box 1     kJ/mol-Extensive       Relative_Error
 ---------------------------------------------------------------------
 Total system energy                   667848.191            0.446E-15
 Intra molecular energy                679097.188            0.000E+00
   Bond energy                              0.000            0.000E+00
   Bond angle energy                   499240.441            0.448E-15
   Dihedral angle energy                19637.328            0.119E-15
   Improper angle energy                    0.000            0.000E+00
   Intra molecule vdw                  151168.032            0.000E+00
   Intra molecule q                      9051.387            0.000E+00
 Inter molecular energy                -11248.997           -0.230E-13
   Inter molecule vdw                   -7647.374           -0.000E+00
   Long range correction                 -342.749           -0.000E+00
   Inter molecule q                    215718.124            0.691E-15
   Reciprocal ewald                      2882.325            0.000E+00
   Self ewald                         -221859.322           -0.336E-15
 ---------------------------------------------------------------------
   Number of reciprocal vectors             37517


 Energy components for box 2     kJ/mol-Extensive       Relative_Error
 ---------------------------------------------------------------------
 Total system energy                   393009.619            0.190E-15
 Intra molecular energy                393123.258            0.190E-15
   Bond energy                              0.000            0.000E+00
   Bond angle energy                   315573.709            0.236E-15
   Dihedral angle energy                11412.518            0.000E+00
   Improper angle energy                    0.000            0.000E+00
   Intra molecule vdw                   59964.971            0.000E+00
   Intra molecule q                      6172.060            0.000E+00
 Inter molecular energy                  -113.640           -0.559E-13
   Inter molecule vdw                     -56.295           -0.162E-15
   Long range correction                   -0.025           -0.000E+00
   Inter molecule q                     48051.791            0.388E-15
   Reciprocal ewald                        37.330            0.122E-15
   Self ewald                          -48146.441           -0.000E+00
 ---------------------------------------------------------------------
   Number of reciprocal vectors             48568

********************************************************************************


Writing information for box  1
********************************************************************************
                Move      Trials     Success   % Success
              Volume         248         141       56.85

   ---------------------------------------------------------
   Writing information for species  1

                Move      Trials     Success   % Success
           Translate         656         315       48.02
              Rotate         431         348       80.74
              Insert         211          25       11.85
              Delete         412         308       74.76
   ---------------------------------------------------------


   ---------------------------------------------------------
   Writing information for species  2

                Move      Trials     Success   % Success
           Translate         865         377       43.58
              Rotate         599         437       72.95
              Insert         235          51       21.70
              Delete         499         312       62.53
   ---------------------------------------------------------


   ---------------------------------------------------------
   Writing information for species  3

                Move      Trials     Success   % Success
           Translate         811         278       34.28
              Rotate         550         304       55.27
              Insert         214          54       25.23
              Delete         481         246       51.14
   ---------------------------------------------------------

********************************************************************************
Writing information for box  2
********************************************************************************
                Move      Trials     Success   % Success
              Volume         256         196       76.56

   ---------------------------------------------------------
   Writing information for species  1

                Move      Trials     Success   % Success
           Translate         350         333       95.14
              Rotate         271         265       97.79
              Insert         412         308       74.76
              Delete         211          25       11.85
   ---------------------------------------------------------


   ---------------------------------------------------------
   Writing information for species  2

                Move      Trials     Success   % Success
           Translate         417         379       90.89
              Rotate         326         313       96.01
              Insert         499         312       62.53
              Delete         235          51       21.70
   ---------------------------------------------------------


   ---------------------------------------------------------
   Writing information for species  3

                Move      Trials     Success   % Success
           Translate         356         338       94.94
              Rotate         274         270       98.54
              Insert         481         246       51.14
              Delete         214          54       25.23
   ---------------------------------------------------------

********************************************************************************

Writing information about fragments
********************************************************************************

   ---------------------------------------------------------
   Writing information for species  2
     #_Frags_Regrown      Trials     Success   % Success
                   1         594         474       79.80
                   2         214         128       59.81
   ---------------------------------------------------------

   ---------------------------------------------------------
   Writing information for species  3
     #_Frags_Regrown      Trials     Success   % Success
                   1         235         162       68.94
                   2         194          91       46.91
                   3         139          58       41.73
                   4         105          44       41.90
                   5          57          18       31.58
   ---------------------------------------------------------
********************************************************************************

 Writing information about subroutine times
********************************************************************************
 Translation time =            4.451194 secs.
 Rotation time =               3.015164 secs.
 Volume change time =         10.201369 mins.
 Swap time =                  45.939393 secs.
 Regrowth time =              18.657968 secs.
********************************************************************************

********************************************************************************
************************ Cassandra simulation complete *************************
********************************************************************************

 Program execution time
********************************************************************************
         0      Years
         0     Months
         0       Days
         2      Hours
         6    Minutes
         4    Seconds
       296         ms
********************************************************************************
