********************************************************************************
                ______                                __                        
               / ____/___ _______________ _____  ____/ /________ _              
              / /   / __ `/ ___/ ___/ __ `/ __ \/ __  / ___/ __ `/              
             / /___/ /_/ (__  |__  ) /_/ / / / / /_/ / /  / /_/ /               
             \____/\__,_/____/____/\__,_/_/ /_/\__,_/_/   \__,_/                
                                                                                
********************************************************************************
**********************************Log File**************************************
********************************************************************************

For any published work that uses Cassandra, cite the following reference:
    Shah JK, Marin‐Rimoldi E, Mullen RG, Keene BP, Khan S,
    Paluch AS, Rai N, Romanielo LL, Rosch TW, Yoo B, Maginn EJ.
    Cassandra: An open source Monte Carlo package for molecular simulation.
    Journal of Computational Chemistry. 2017, 38, 1727–1739.
    http://dx.doi.org/10.1002/jcc.24807

Run info
********************************************************************************
version: Cassandra Version 1.3.0
inputfile: azeotrope_gemc_npt_600_50k.inp
name of run: azeotrope_gemc_npt_3000_50k
date (mm/dd/yyyy): 05/22/2026
time: 13:01:24
machine: MacBook-Pro-Artem-3.local
********************************************************************************

Verbose log
********************************************************************************
Normal output to logfile
********************************************************************************

Simulation type
********************************************************************************
GEMC_NPT            
********************************************************************************

Copy input file
********************************************************************************
# Run_Name                                                                      
azeotrope_gemc_npt_3000_50k                                                     
                                                                                
# Sim_Type                                                                      
gemc_npt                                                                        
                                                                                
# Nbr_Species                                                                   
3                                                                               
                                                                                
# Molecule_Files                                                                
water.mcf 315                                                                   
ethanol.mcf 710                                                                 
hexane.mcf 1975                                                                 
                                                                                
# Fragment_Files                                                                
../data/species1/frag1/frag1.dat  1                                             
../data/species2/frag1/frag1.dat  2                                             
../data/species2/frag2/frag2.dat  3                                             
../data/species2/frag3/frag3.dat  4                                             
../data/species3/frag1/frag1.dat  5                                             
../data/species3/frag2/frag2.dat  6                                             
../data/species3/frag3/frag3.dat  7                                             
../data/species3/frag4/frag4.dat  8                                             
../data/species3/frag5/frag5.dat  9                                             
../data/species3/frag6/frag6.dat  10                                            
                                                                                
# Box_Info                                                                      
2                                                                               
cubic                                                                           
75.0                                                                            
                                                                                
cubic                                                                           
300.0                                                                           
                                                                                
# VDW_Style                                                                     
lj cut_tail 12.0                                                                
lj cut_tail 50.0                                                                
                                                                                
# Charge_Style                                                                  
coul ewald 12.0 1E-5                                                            
coul ewald 50.0 1E-5                                                            
                                                                                
# Mixing_Rule                                                                   
lb                                                                              
                                                                                
# Temperature_Info                                                              
329.55                                                                          
329.55                                                                          
                                                                                
# Pressure_Info                                                                 
1.01325                                                                         
1.01325                                                                         
                                                                                
# Move_Probability_Info                                                         
                                                                                
# Prob_Translation                                                              
0.35                                                                            
1.0 1.0 1.0                                                                     
20.0 20.0 20.0                                                                  
                                                                                
# Prob_Rotation                                                                 
0.25                                                                            
30.0 30.0 30.0                                                                  
180.0 180.0 180.0                                                               
                                                                                
# Prob_Regrowth                                                                 
0.15                                                                            
0.0 0.3 0.7                                                                     
                                                                                
# Prob_Swap                                                                     
0.20                                                                            
cbmc cbmc cbmc                                                                  
                                                                                
# Prob_Volume                                                                   
0.05                                                                            
5000.0                                                                          
500000.0                                                                        
                                                                                
# Done_Probability_Info                                                         
                                                                                
# Start_Type                                                                    
checkpoint azeotrope_gemc_npt_3000_preswap_eq.chk                               
                                                                                
# Run_Type                                                                      
equilibration 1000 100                                                          
                                                                                
# Simulation_Length_Info                                                        
units steps                                                                     
prop_freq 100                                                                   
coord_freq 1000                                                                 
run 50000                                                                       
                                                                                
# Property_Info 1                                                               
energy_total                                                                    
pressure                                                                        
volume                                                                          
mass_density                                                                    
density                                                                         
nmols                                                                           
                                                                                
# Property_Info 2                                                               
energy_total                                                                    
pressure                                                                        
volume                                                                          
mass_density                                                                    
density                                                                         
nmols                                                                           
                                                                                
# CBMC_Info                                                                     
kappa_ins 12                                                                    
kappa_dih 10                                                                    
rcut_cbmc 12.0 50.0                                                             
                                                                                
# Rcutoff_Low                                                                   
0.8                                                                             
                                                                                
# Seed_Info                                                                     
31415 92653                                                                     
                                                                                
# Average_Info                                                                  
1                                                                               
                                                                                
# Pair_Energy                                                                   
true                                                                            
                                                                                
END                                                                             
********************************************************************************

Number of species
********************************************************************************
3
********************************************************************************

Box info
********************************************************************************
Number of simulation boxes     2
Box 1 is CUBIC               
 Each Side Of :       75.0000     Angstrom
 Cell basis vector lengths in A,     75.0000      75.0000      75.0000
 Cosine of angles alpha, beta, gamma     0.0000       0.0000       0.0000
 Distance between box faces    75.0000      75.0000      75.0000
 Box volume, A^3        421875.0000
Box 2 is CUBIC               
 Each Side Of :      300.0000     Angstrom
 Cell basis vector lengths in A,    300.0000     300.0000     300.0000
 Cosine of angles alpha, beta, gamma     0.0000       0.0000       0.0000
 Distance between box faces   300.0000     300.0000     300.0000
 Box volume, A^3      27000000.0000
********************************************************************************

Pair style
********************************************************************************
VDW style used is:   LJ             in box:  1
 VDW sum style is:   cut_tail       in box:  1
 rcut =    12.000 Angstrom
VDW style used is:   LJ             in box:  2
 VDW sum style is:   cut_tail       in box:  2
 rcut =    50.000 Angstrom
Charge style in box 1 is coul
 Charge sum style is   ewald          in box:  1
 Ewald real space cutoff is  12.000 Angstroms.
 Ewald real space parameter is   0.283 inverse Angstroms
 Ewald reciprocal cutoff is  1.9188 inverse Angstroms
Charge style in box 2 is coul
 Charge sum style is   ewald          in box:  2
 Ewald real space cutoff is  50.000 Angstroms.
 Ewald real space parameter is   0.068 inverse Angstroms
 Ewald reciprocal cutoff is  0.4605 inverse Angstroms
Pair interaction energy array storage enabled
Lorentz-Berthelot mixing rule specified
********************************************************************************

Molecule info
********************************************************************************
 Reading molecular connectivity information
 Species:            1
 Molecular connectivity file: water.mcf                                                                                                               
   3 atom(s) specified.
   2 bond(s) specified.
   1 angle(s) specified.
   0 dihedral(s) specified.
   0 improper(s) specified.
   1 fragment(s) specified.
   0 fragment bond(s) specified.
 Reading molecular connectivity information
 Species:            2
 Molecular connectivity file: ethanol.mcf                                                                                                             
   9 atom(s) specified.
   8 bond(s) specified.
   13 angle(s) specified.
   12 dihedral(s) specified.
   0 improper(s) specified.
   3 fragment(s) specified.
   2 fragment bond(s) specified.
 Reading molecular connectivity information
 Species:            3
 Molecular connectivity file: hexane.mcf                                                                                                              
   20 atom(s) specified.
   19 bond(s) specified.
   36 angle(s) specified.
   45 dihedral(s) specified.
   0 improper(s) specified.
   6 fragment(s) specified.
   5 fragment bond(s) specified.

 Species  Max molecules
 -------  -------------
      1            315
      2            710
      3           1975

 Species     1
 -------------------------------------------------------------------------------
 Atom parameters read
 Bond parameters read
 Angle parameters read
 Dihedral parameters read
 Improper parameters read
 Intra molecule scaling factors for species            1
  VDW 1-2 scaling factor       0.000
  VDW 1-3 scaling factor       0.000
  VDW 1-4 scaling factor       0.000
  VDW 1-N scaling factor       1.000
  Coulomb 1-2 scaling factor   0.000
  Coulomb 1-3 scaling factor   0.000
  Coulomb 1-4 scaling factor   0.000
  Coulomb 1-N scaling factor   1.000
 Total number of atoms in fragment     1  is   3
 Fragment info read
 Fragment file for fragment 1 is ../data/species1/frag1/frag1.dat
 -------------------------------------------------------------------------------

 Species     2
 -------------------------------------------------------------------------------
 Atom parameters read
 Bond parameters read
 Angle parameters read
 Dihedral parameters read
 Improper parameters read
 Intra molecule scaling factors for species            2
  VDW 1-2 scaling factor       0.000
  VDW 1-3 scaling factor       0.000
  VDW 1-4 scaling factor       0.500
  VDW 1-N scaling factor       1.000
  Coulomb 1-2 scaling factor   0.000
  Coulomb 1-3 scaling factor   0.000
  Coulomb 1-4 scaling factor   0.500
  Coulomb 1-N scaling factor   1.000
 Total number of atoms in fragment     1  is   3
 Total number of atoms in fragment     2  is   5
 Total number of atoms in fragment     3  is   5
 Fragment info read
 Fragment file for fragment 2 is ../data/species2/frag1/frag1.dat
 Fragment file for fragment 3 is ../data/species2/frag2/frag2.dat
 Fragment file for fragment 4 is ../data/species2/frag3/frag3.dat
 -------------------------------------------------------------------------------

 Species     3
 -------------------------------------------------------------------------------
 Atom parameters read
 Bond parameters read
 Angle parameters read
 Dihedral parameters read
 Improper parameters read
 Intra molecule scaling factors for species            3
  VDW 1-2 scaling factor       0.000
  VDW 1-3 scaling factor       0.000
  VDW 1-4 scaling factor       0.500
  VDW 1-N scaling factor       1.000
  Coulomb 1-2 scaling factor   0.000
  Coulomb 1-3 scaling factor   0.000
  Coulomb 1-4 scaling factor   0.500
  Coulomb 1-N scaling factor   1.000
 Total number of atoms in fragment     1  is   5
 Total number of atoms in fragment     2  is   5
 Total number of atoms in fragment     3  is   5
 Total number of atoms in fragment     4  is   5
 Total number of atoms in fragment     5  is   5
 Total number of atoms in fragment     6  is   5
 Fragment info read
 Fragment file for fragment 5 is ../data/species3/frag1/frag1.dat
 Fragment file for fragment 6 is ../data/species3/frag2/frag2.dat
 Fragment file for fragment 7 is ../data/species3/frag3/frag3.dat
 Fragment file for fragment 8 is ../data/species3/frag4/frag4.dat
 Fragment file for fragment 9 is ../data/species3/frag5/frag5.dat
 Fragment file for fragment 10 is ../data/species3/frag6/frag6.dat
 -------------------------------------------------------------------------------

 Fragment coord info
 -------------------------------------------------------------------------------
 library_coords array successfully allocated
 Finished loading fragment coordinates from
 ../data/species1/frag1/frag1.dat
 Finished loading fragment coordinates from
 ../data/species2/frag1/frag1.dat
 ../data/species2/frag2/frag2.dat
 ../data/species2/frag3/frag3.dat
 Finished loading fragment coordinates from
 ../data/species3/frag1/frag1.dat
 ../data/species3/frag2/frag2.dat
 ../data/species3/frag3/frag3.dat
 ../data/species3/frag4/frag4.dat
 ../data/species3/frag5/frag5.dat
 ../data/species3/frag6/frag6.dat
 -------------------------------------------------------------------------------
********************************************************************************

Temperature
********************************************************************************
Temperature of box 1 is 329.550 K
Temperature of box 2 is 329.550 K
********************************************************************************

Minimum distance cutoff
********************************************************************************
MC low cutoff distance is   0.800    Angstrom
********************************************************************************

Start type
********************************************************************************
Starting configuration will be read from checkpoint file
 azeotrope_gemc_npt_3000_preswap_eq.chk
********************************************************************************

Seed info
********************************************************************************
 Seed will be read from a checkpoint file
********************************************************************************

Pressure
********************************************************************************
Pressure of box 1 is     1.013 bar =  0.610193E-02 amu / (A ps^2)
Pressure of box 2 is     1.013 bar =  0.610193E-02 amu / (A ps^2)
********************************************************************************

Move probabilities
********************************************************************************
Probability for translation                0.350000
 Maximum displacement width for species  1 in box  1  is      1.00000
 Maximum displacement width for species  2 in box  1  is      1.00000
 Maximum displacement width for species  3 in box  1  is      1.00000
 Maximum displacement width for species  1 in box  2  is     20.00000
 Maximum displacement width for species  2 in box  2  is     20.00000
 Maximum displacement width for species  3 in box  2  is     20.00000
Probability for rotation                   0.250000
 The rotational width for the species    1 in box  1   is      0.5236 radians
 The rotational width for the species    2 in box  1   is      0.5236 radians
 The rotational width for the species    3 in box  1   is      0.5236 radians
 The rotational width for the species    1 in box  2   is      3.1416 radians
 The rotational width for the species    2 in box  2   is      3.1416 radians
 The rotational width for the species    3 in box  2   is      3.1416 radians
Probability for regrowth                   0.150000
 Cumulative probability for regrowth of species     1  is   0.000000
 Cumulative probability for regrowth of species     2  is   0.300000
 Cumulative probability for regrowth of species     3  is   1.000000
Probability for particle swap              0.200000
 Species 1 will be inserted using CBMC
 Species 2 will be inserted using CBMC
 Species 3 will be inserted using CBMC
 Number of insertable species is    3
  By default, box_out will be selected according to its mole fraction
  By default, species will be selected according to its mole fraction in box_out
Probability for volume move                0.050000
 Maximum volume displacement for box  1 is   5000.000  A^3
 Maximum volume displacement for box  2 is 500000.000  A^3
 Volume moves will be performed in actual volumes
Number of moves is :   5
********************************************************************************

CBMC info
********************************************************************************
Kappa for first fragment insertion          12
Kappa for dihedral selection                10
 Cutoff for CBMC for box 1 is        12.00
 Cutoff for CBMC for box 2 is        50.00
********************************************************************************

Simulation length info
********************************************************************************
Thermodynamic quantities will be computed every                  100 Steps     
Coordinates will be written to file every                       1000 Steps     
 movie header file for box   1 is      azeotrope_gemc_npt_3000_50k.box1.H
 movie_XYZ file for box      1 is      azeotrope_gemc_npt_3000_50k.box1.xyz
 movie header file for box   2 is      azeotrope_gemc_npt_3000_50k.box2.H
 movie_XYZ file for box      2 is      azeotrope_gemc_npt_3000_50k.box2.xyz
The simulation will be run for                               50000 Steps     
Instantaneous values will be written every                       100 Steps     
********************************************************************************

Property info
********************************************************************************
Total number of property files to be written is     1   for box 1
 Maximum number of properties per file is   10
 Writing the name of the property files and the corresponding property output
 Property file    1   is  azeotrope_gemc_npt_3000_50k.box1.prp
 Properties output in these files are
 Energy_Total
 Pressure
 Volume
 Mass_Density
 Density_1
 Density_2
 Density_3
 Nmols_1
 Nmols_2
 Nmols_3
Total number of property files to be written is     1   for box 2
 Maximum number of properties per file is   10
 Writing the name of the property files and the corresponding property output
 Property file    1   is  azeotrope_gemc_npt_3000_50k.box2.prp
 Properties output in these files are
 Energy_Total
 Pressure
 Volume
 Mass_Density
 Density_1
 Density_2
 Density_3
 Nmols_1
 Nmols_2
 Nmols_3
********************************************************************************

Run type
********************************************************************************
 The input run type is equilibration
 Update frequency is         1000
 Update frequency for adjusting maximum volume displacement is
         100
********************************************************************************

********************************************************************************
************************ Begin Cassandra simulation ****************************
********************************************************************************

Initial configuration
********************************************************************************
 Reading move parameters for box 1
 Reading move parameters for species 1
  max displacement       1.00000
  max rotation           0.52360
 Reading move parameters for species 2
  max displacement       0.82688
  max rotation           0.54978
 Reading move parameters for species 3
  max displacement       0.59132
  max rotation           0.54840
 Reading move parameters for box 2
 Reading move parameters for species 1
  max displacement      20.00000
  max rotation           3.14159
 Reading move parameters for species 2
  max displacement      20.00000
  max rotation           3.14159
 Reading move parameters for species 3
  max displacement      37.00000
  max rotation           3.14159
 Species move info read successfully
 Initial MC step is 25000
 Reading info for box 1
  max volume change        5321.
 Reading info for box 2
  max volume change     2463979.
 Box info read successfully
 Seed info read successfully
 Number of molecules read successfully
 Configuration read successfully
********************************************************************************

Charge neutrality check
********************************************************************************
 Species 1 has charge:                  0.00000000
 Species 2 has charge:                  0.00000000
 Species 3 has charge:                  0.00000000

 Box     1 has charge:                  0.00000000
 Box     2 has charge:                  0.00000000
********************************************************************************

Compute total energy
********************************************************************************

 Energy components for box 1     kJ/mol-Extensive
 ---------------------------------------------------------------------
 Total system energy                  1581532.963
 Intra molecular energy               1610337.591
   Bond energy                              0.000
   Bond angle energy                  1162305.013
   Dihedral angle energy                45218.071
   Improper angle energy                    0.000
   Intra molecule vdw                  383729.045
   Intra molecule q                     19085.463
 Inter molecular energy                -28804.628
   Inter molecule vdw                  -25260.761
   Long range correction                -1127.179
   Inter molecule q                    204890.182
   Reciprocal ewald                      3111.685
   Self ewald                         -210418.555
 ---------------------------------------------------------------------
   Number of reciprocal vectors             43531


 Energy components for box 2     kJ/mol-Extensive
 ---------------------------------------------------------------------
 Total system energy                   371720.672
 Intra molecular energy                371793.821
   Bond energy                              0.000
   Bond angle energy                   288231.360
   Dihedral angle energy                10153.265
   Improper angle energy                    0.000
   Intra molecule vdw                   68610.857
   Intra molecule q                      4798.339
 Inter molecular energy                   -73.149
   Inter molecule vdw                     -70.226
   Long range correction                   -0.026
   Inter molecule q                     12612.620
   Reciprocal ewald                         9.597
   Self ewald                          -12625.113
 ---------------------------------------------------------------------
   Number of reciprocal vectors             22313

********************************************************************************

Run simulation
********************************************************************************
                Step       Move   Mol Spc Box  Success  MaxWidth
               25368  translate         3   1  0.03100   0.03666
               25384     rotate         3   1  0.03300   0.52098
               26745     rotate         3   2  0.06500   2.98451
               27630     volume             2  0.36000  1774065.
               27960  translate         1   1  0.04900   0.09800
               28350     volume             1  0.34000     3618.
               31266  translate         3   1  0.94500   0.06929
               31895     volume             2  0.61000  2164359.
               32767     volume             1  0.59000     4270.
               33205  translate         3   2  0.45900  33.96600
               33478     rotate         3   1  0.60700   0.54703
               36399     volume             1  0.67000     5721.
               36536     volume             2  0.67000  2900241.
               37564  translate         3   1  0.91900   0.12736
               38007     rotate         2   1  0.40600   0.52229
               40367     volume             2  0.62000  3596299.
               40717     volume             1  0.56000     6408.
               41172  translate         2   1  0.46800   0.77396
               43063     rotate         3   1  0.63700   0.57438
               43283  translate         2   2  0.49100  19.64000
               43771     volume             2  0.57000  4099781.
               44669     volume             1  0.61000     7818.
               45112  translate         3   1  0.88300   0.22491
               45214     rotate         3   2  0.97300   3.13374
               45470  translate         3   2  0.92600  50.00000
               47162     volume             2  0.46000  3771799.
               49281     volume             1  0.54000     8443.
********************************************************************************

Energy of final configuration
********************************************************************************

 Energy components for box 1     kJ/mol-Extensive       Relative_Error
 ---------------------------------------------------------------------
 Total system energy                   834482.695            0.357E-15
 Intra molecular energy                845922.385            0.000E+00
   Bond energy                              0.000            0.000E+00
   Bond angle energy                   661734.508            0.113E-15
   Dihedral angle energy                29236.648            0.159E-15
   Improper angle energy                    0.000            0.000E+00
   Intra molecule vdw                  142539.368            0.131E-15
   Intra molecule q                     12411.861            0.000E+00
 Inter molecular energy                -11439.691           -0.102E-13
   Inter molecule vdw                   -9901.508           -0.153E-14
   Long range correction                 -437.257           -0.000E+00
   Inter molecule q                     98946.469            0.132E-14
   Reciprocal ewald                      1818.862            0.000E+00
   Self ewald                         -101866.257           -0.000E+00
 ---------------------------------------------------------------------
   Number of reciprocal vectors             47936


 Energy components for box 2     kJ/mol-Extensive       Relative_Error
 ---------------------------------------------------------------------
 Total system energy                   648641.129            0.230E-15
 Intra molecular energy                648813.873            0.115E-15
   Bond energy                              0.000            0.000E+00
   Bond angle energy                   539509.217            0.138E-15
   Dihedral angle energy                22062.915            0.211E-15
   Improper angle energy                    0.000            0.000E+00
   Intra molecule vdw                   76270.034            0.000E+00
   Intra molecule q                     10971.707            0.000E+00
 Inter molecular energy                  -172.744           -0.144E-12
   Inter molecule vdw                    -149.531           -0.365E-15
   Long range correction                   -0.057           -0.000E+00
   Inter molecule q                     38625.411            0.362E-15
   Reciprocal ewald                        29.098            0.313E-15
   Self ewald                          -38677.665           -0.000E+00
 ---------------------------------------------------------------------
   Number of reciprocal vectors             57625

********************************************************************************


Writing information for box  1
********************************************************************************
                Move      Trials     Success   % Success
              Volume        1218         652       53.53

   ---------------------------------------------------------
   Writing information for species  1

                Move      Trials     Success   % Success
           Translate        1303         735       56.41
              Rotate         919         786       85.53
              Insert         300          16        5.33
              Delete         270         193       71.48
   ---------------------------------------------------------


   ---------------------------------------------------------
   Writing information for species  2

                Move      Trials     Success   % Success
           Translate        3307        1635       49.44
              Rotate        2342        1719       73.40
              Insert         531          84       15.82
              Delete         702         386       54.99
   ---------------------------------------------------------


   ---------------------------------------------------------
   Writing information for species  3

                Move      Trials     Success   % Success
           Translate        9629        6245       64.86
              Rotate        6665        3802       57.04
              Insert        1176         181       15.39
              Delete        2158         666       30.86
   ---------------------------------------------------------

********************************************************************************
Writing information for box  2
********************************************************************************
                Move      Trials     Success   % Success
              Volume        1263         774       61.28

   ---------------------------------------------------------
   Writing information for species  1

                Move      Trials     Success   % Success
           Translate         746         711       95.31
              Rotate         548         535       97.63
              Insert         270         193       71.48
              Delete         300          16        5.33
   ---------------------------------------------------------


   ---------------------------------------------------------
   Writing information for species  2

                Move      Trials     Success   % Success
           Translate        1308        1243       95.03
              Rotate         997         986       98.90
              Insert         702         386       54.99
              Delete         531          84       15.82
   ---------------------------------------------------------


   ---------------------------------------------------------
   Writing information for species  3

                Move      Trials     Success   % Success
           Translate        3428        3184       92.88
              Rotate        2314        2254       97.41
              Insert        2158         666       30.86
              Delete        1176         181       15.39
   ---------------------------------------------------------

********************************************************************************

Writing information about fragments
********************************************************************************

   ---------------------------------------------------------
   Writing information for species  2
     #_Frags_Regrown      Trials     Success   % Success
                   1         740         597       80.68
                   2         285         160       56.14
   ---------------------------------------------------------

   ---------------------------------------------------------
   Writing information for species  3
     #_Frags_Regrown      Trials     Success   % Success
                   1         899         538       59.84
                   2         767         309       40.29
                   3         541         206       38.08
                   4         379         119       31.40
                   5         190          52       27.37
   ---------------------------------------------------------
********************************************************************************

 Writing information about subroutine times
********************************************************************************
 Translation time =           19.129664 secs.
 Rotation time =              14.074037 secs.
 Volume change time =         47.448971 mins.
 Swap time =                   3.707408 mins.
 Regrowth time =               0.021022 hrs.
********************************************************************************

********************************************************************************
************************ Cassandra simulation complete *************************
********************************************************************************

 Program execution time
********************************************************************************
         0      Years
         0     Months
         0       Days
         8      Hours
        22    Minutes
        42    Seconds
       406         ms
********************************************************************************
